C:\Users\wht\AppData\Roaming\uv\python\cpython-3.12.12-windows-x86_64-none\python.exe: can't open file 'E:\\sni_search\\.testsintegrationtest_multi_round_search.py': [Errno 2] No such file or directory
